// Jest Snapshot v1, https://goo.gl/fbAQLP

exports[`KeyDown should render correctly 1`] = `
<div
  onKeyDown={[Function]}
  tabIndex={0}
>
  children
</div>
`;
